#! /c/Source/iverilog-install/bin/vvp
:ivl_version "12.0 (devel)" "(s20150603-1539-g2693dd32b)";
:ivl_delay_selection "TYPICAL";
:vpi_time_precision - 12;
:vpi_module "C:\iverilog\lib\ivl\system.vpi";
:vpi_module "C:\iverilog\lib\ivl\vhdl_sys.vpi";
:vpi_module "C:\iverilog\lib\ivl\vhdl_textio.vpi";
:vpi_module "C:\iverilog\lib\ivl\v2005_math.vpi";
:vpi_module "C:\iverilog\lib\ivl\va_math.vpi";
:vpi_module "C:\iverilog\lib\ivl\v2009.vpi";
S_000001d7685ad680 .scope package, "$unit" "$unit" 2 1;
 .timescale 0 0;
S_000001d7685ae000 .scope module, "tb_stm32_adc_interface" "tb_stm32_adc_interface" 3 4;
 .timescale -9 -12;
P_000001d7685b0ad0 .param/l "BIT_TIME" 1 3 28, +C4<00000000000000000010000111101000>;
v000001d768621590_0 .var "clk", 0 0;
v000001d768621090_0 .var/i "pulse_count", 31 0;
v000001d768620af0_0 .var "rst_n", 0 0;
v000001d768620b90_0 .net "sample_out", 11 0, v000001d768620eb0_0;  1 drivers
v000001d7686211d0_0 .var "uart_rx", 0 0;
v000001d7686213b0_0 .net "valid_out", 0 0, v000001d768621270_0;  1 drivers
E_000001d7685b11d0 .event posedge, v000001d768621270_0;
S_000001d7685ae190 .scope task, "send_byte" "send_byte" 3 30, 3 30 0, S_000001d7685ae000;
 .timescale -9 -12;
v000001d7685ad810_0 .var "data", 7 0;
v000001d7685a8a40_0 .var/i "i", 31 0;
TD_tb_stm32_adc_interface.send_byte ;
    %pushi/vec4 0, 0, 1;
    %store/vec4 v000001d7686211d0_0, 0, 1;
    %delay 8680000, 0;
    %pushi/vec4 0, 0, 32;
    %store/vec4 v000001d7685a8a40_0, 0, 32;
T_0.0 ;
    %load/vec4 v000001d7685a8a40_0;
    %cmpi/s 8, 0, 32;
    %jmp/0xz T_0.1, 5;
    %load/vec4 v000001d7685ad810_0;
    %load/vec4 v000001d7685a8a40_0;
    %part/s 1;
    %store/vec4 v000001d7686211d0_0, 0, 1;
    %delay 8680000, 0;
    %load/vec4 v000001d7685a8a40_0;
    %addi 1, 0, 32;
    %store/vec4 v000001d7685a8a40_0, 0, 32;
    %jmp T_0.0;
T_0.1 ;
    %pushi/vec4 1, 0, 1;
    %store/vec4 v000001d7686211d0_0, 0, 1;
    %delay 8680000, 0;
    %end;
S_000001d768726050 .scope module, "uut" "stm32_adc_interface" 3 19, 4 6 0, S_000001d7685ae000;
 .timescale -9 -12;
    .port_info 0 /INPUT 1 "clk";
    .port_info 1 /INPUT 1 "rst_n";
    .port_info 2 /INPUT 1 "uart_rx";
    .port_info 3 /OUTPUT 12 "sample_out";
    .port_info 4 /OUTPUT 1 "valid_out";
P_000001d7687261e0 .param/l "BAUD_DIV" 1 4 17, +C4<00000000000000000000001101100100>;
P_000001d768726218 .param/l "BAUD_RATE" 0 4 8, +C4<00000000000000011100001000000000>;
P_000001d768726250 .param/l "CLK_FREQ" 0 4 7, +C4<00000101111101011110000100000000>;
P_000001d768726288 .param/l "DATA" 1 4 40, C4<0010>;
P_000001d7687262c0 .param/l "IDLE" 1 4 38, C4<0000>;
P_000001d7687262f8 .param/l "START" 1 4 39, C4<0001>;
P_000001d768726330 .param/l "STOP" 1 4 41, C4<0011>;
L_000001d768621cb8 .functor BUFT 1, C4<000>, C4<0>, C4<0>, C4<0>;
v000001d7685a8ae0_0 .net/2u *"_ivl_0", 2 0, L_000001d768621cb8;  1 drivers
L_000001d768621d90 .functor BUFT 1, C4<1>, C4<0>, C4<0>, C4<0>;
v000001d7685abbb0_0 .net/2u *"_ivl_10", 0 0, L_000001d768621d90;  1 drivers
v000001d7685abc50_0 .net *"_ivl_13", 0 0, L_000001d76866b070;  1 drivers
v000001d768726370_0 .net *"_ivl_14", 0 0, L_000001d76866a8f0;  1 drivers
v000001d7686209b0_0 .net *"_ivl_2", 0 0, L_000001d768621450;  1 drivers
L_000001d768621d00 .functor BUFT 1, C4<0>, C4<0>, C4<0>, C4<0>;
v000001d7686214f0_0 .net/2u *"_ivl_4", 0 0, L_000001d768621d00;  1 drivers
L_000001d768621d48 .functor BUFT 1, C4<111>, C4<0>, C4<0>, C4<0>;
v000001d768620cd0_0 .net/2u *"_ivl_6", 2 0, L_000001d768621d48;  1 drivers
v000001d768621130_0 .net *"_ivl_8", 0 0, L_000001d76866adf0;  1 drivers
v000001d768620e10_0 .var "baud_cnt", 11 0;
v000001d768621630_0 .var "bit_cnt", 3 0;
v000001d7686216d0_0 .var "byte_buf", 7 0;
v000001d768620c30_0 .var "byte_done", 0 0;
v000001d768621310_0 .net "clk", 0 0, v000001d768621590_0;  1 drivers
v000001d768620f50_0 .net "rst_n", 0 0, v000001d768620af0_0;  1 drivers
v000001d7686207d0_0 .var "rx_data", 7 0;
v000001d768620d70_0 .net "rx_stable", 0 0, L_000001d76866b390;  1 drivers
v000001d768620870_0 .var "rx_sync", 2 0;
v000001d768620eb0_0 .var "sample_out", 11 0;
v000001d768620ff0_0 .var "state", 3 0;
v000001d768620910_0 .net "uart_rx", 0 0, v000001d7686211d0_0;  1 drivers
v000001d768621270_0 .var "valid_out", 0 0;
v000001d768620a50_0 .var "waiting_for_low", 0 0;
E_000001d7685b1150/0 .event negedge, v000001d768620f50_0;
E_000001d7685b1150/1 .event posedge, v000001d768621310_0;
E_000001d7685b1150 .event/or E_000001d7685b1150/0, E_000001d7685b1150/1;
L_000001d768621450 .cmp/eq 3, v000001d768620870_0, L_000001d768621cb8;
L_000001d76866adf0 .cmp/eq 3, v000001d768620870_0, L_000001d768621d48;
L_000001d76866b070 .part v000001d768620870_0, 1, 1;
L_000001d76866a8f0 .functor MUXZ 1, L_000001d76866b070, L_000001d768621d90, L_000001d76866adf0, C4<>;
L_000001d76866b390 .functor MUXZ 1, L_000001d76866a8f0, L_000001d768621d00, L_000001d768621450, C4<>;
    .scope S_000001d768726050;
T_1 ;
    %wait E_000001d7685b1150;
    %load/vec4 v000001d768620f50_0;
    %nor/r;
    %flag_set/vec4 8;
    %jmp/0xz  T_1.0, 8;
    %pushi/vec4 7, 0, 3;
    %assign/vec4 v000001d768620870_0, 0;
    %jmp T_1.1;
T_1.0 ;
    %load/vec4 v000001d768620870_0;
    %parti/s 2, 0, 2;
    %load/vec4 v000001d768620910_0;
    %concat/vec4; draw_concat_vec4
    %assign/vec4 v000001d768620870_0, 0;
T_1.1 ;
    %jmp T_1;
    .thread T_1;
    .scope S_000001d768726050;
T_2 ;
    %wait E_000001d7685b1150;
    %load/vec4 v000001d768620f50_0;
    %nor/r;
    %flag_set/vec4 8;
    %jmp/0xz  T_2.0, 8;
    %pushi/vec4 0, 0, 4;
    %assign/vec4 v000001d768620ff0_0, 0;
    %pushi/vec4 0, 0, 12;
    %assign/vec4 v000001d768620e10_0, 0;
    %pushi/vec4 0, 0, 4;
    %assign/vec4 v000001d768621630_0, 0;
    %pushi/vec4 0, 0, 8;
    %assign/vec4 v000001d7686207d0_0, 0;
    %pushi/vec4 0, 0, 1;
    %assign/vec4 v000001d768620c30_0, 0;
    %jmp T_2.1;
T_2.0 ;
    %pushi/vec4 0, 0, 1;
    %assign/vec4 v000001d768620c30_0, 0;
    %load/vec4 v000001d768620ff0_0;
    %dup/vec4;
    %pushi/vec4 0, 0, 4;
    %cmp/u;
    %jmp/1 T_2.2, 6;
    %dup/vec4;
    %pushi/vec4 1, 0, 4;
    %cmp/u;
    %jmp/1 T_2.3, 6;
    %dup/vec4;
    %pushi/vec4 2, 0, 4;
    %cmp/u;
    %jmp/1 T_2.4, 6;
    %dup/vec4;
    %pushi/vec4 3, 0, 4;
    %cmp/u;
    %jmp/1 T_2.5, 6;
    %pushi/vec4 0, 0, 4;
    %assign/vec4 v000001d768620ff0_0, 0;
    %jmp T_2.7;
T_2.2 ;
    %load/vec4 v000001d768620d70_0;
    %nor/r;
    %flag_set/vec4 8;
    %jmp/0xz  T_2.8, 8;
    %pushi/vec4 1, 0, 4;
    %assign/vec4 v000001d768620ff0_0, 0;
    %pushi/vec4 434, 0, 12;
    %assign/vec4 v000001d768620e10_0, 0;
T_2.8 ;
    %jmp T_2.7;
T_2.3 ;
    %load/vec4 v000001d768620e10_0;
    %pad/u 32;
    %cmpi/e 0, 0, 32;
    %jmp/0xz  T_2.10, 4;
    %load/vec4 v000001d768620d70_0;
    %nor/r;
    %flag_set/vec4 8;
    %jmp/0xz  T_2.12, 8;
    %pushi/vec4 2, 0, 4;
    %assign/vec4 v000001d768620ff0_0, 0;
    %pushi/vec4 867, 0, 12;
    %assign/vec4 v000001d768620e10_0, 0;
    %pushi/vec4 0, 0, 4;
    %assign/vec4 v000001d768621630_0, 0;
    %jmp T_2.13;
T_2.12 ;
    %pushi/vec4 0, 0, 4;
    %assign/vec4 v000001d768620ff0_0, 0;
T_2.13 ;
    %jmp T_2.11;
T_2.10 ;
    %load/vec4 v000001d768620e10_0;
    %subi 1, 0, 12;
    %assign/vec4 v000001d768620e10_0, 0;
T_2.11 ;
    %jmp T_2.7;
T_2.4 ;
    %load/vec4 v000001d768620e10_0;
    %pad/u 32;
    %cmpi/e 0, 0, 32;
    %jmp/0xz  T_2.14, 4;
    %load/vec4 v000001d768620d70_0;
    %load/vec4 v000001d7686207d0_0;
    %parti/s 7, 1, 2;
    %concat/vec4; draw_concat_vec4
    %assign/vec4 v000001d7686207d0_0, 0;
    %pushi/vec4 867, 0, 12;
    %assign/vec4 v000001d768620e10_0, 0;
    %load/vec4 v000001d768621630_0;
    %pad/u 32;
    %cmpi/e 7, 0, 32;
    %jmp/0xz  T_2.16, 4;
    %pushi/vec4 3, 0, 4;
    %assign/vec4 v000001d768620ff0_0, 0;
    %jmp T_2.17;
T_2.16 ;
    %load/vec4 v000001d768621630_0;
    %addi 1, 0, 4;
    %assign/vec4 v000001d768621630_0, 0;
T_2.17 ;
    %jmp T_2.15;
T_2.14 ;
    %load/vec4 v000001d768620e10_0;
    %subi 1, 0, 12;
    %assign/vec4 v000001d768620e10_0, 0;
T_2.15 ;
    %jmp T_2.7;
T_2.5 ;
    %load/vec4 v000001d768620e10_0;
    %pad/u 32;
    %cmpi/e 0, 0, 32;
    %jmp/0xz  T_2.18, 4;
    %pushi/vec4 0, 0, 4;
    %assign/vec4 v000001d768620ff0_0, 0;
    %pushi/vec4 1, 0, 1;
    %assign/vec4 v000001d768620c30_0, 0;
    %vpi_call/w 4 87 "$display", "[%t] Byte Received: 0x%h", $time, v000001d7686207d0_0 {0 0 0};
    %jmp T_2.19;
T_2.18 ;
    %load/vec4 v000001d768620e10_0;
    %subi 1, 0, 12;
    %assign/vec4 v000001d768620e10_0, 0;
T_2.19 ;
    %jmp T_2.7;
T_2.7 ;
    %pop/vec4 1;
T_2.1 ;
    %jmp T_2;
    .thread T_2;
    .scope S_000001d768726050;
T_3 ;
    %wait E_000001d7685b1150;
    %load/vec4 v000001d768620f50_0;
    %nor/r;
    %flag_set/vec4 8;
    %jmp/0xz  T_3.0, 8;
    %pushi/vec4 0, 0, 1;
    %assign/vec4 v000001d768620a50_0, 0;
    %pushi/vec4 0, 0, 8;
    %assign/vec4 v000001d7686216d0_0, 0;
    %pushi/vec4 0, 0, 12;
    %assign/vec4 v000001d768620eb0_0, 0;
    %pushi/vec4 0, 0, 1;
    %assign/vec4 v000001d768621270_0, 0;
    %jmp T_3.1;
T_3.0 ;
    %pushi/vec4 0, 0, 1;
    %assign/vec4 v000001d768621270_0, 0;
    %load/vec4 v000001d768620c30_0;
    %flag_set/vec4 8;
    %jmp/0xz  T_3.2, 8;
    %load/vec4 v000001d768620a50_0;
    %nor/r;
    %flag_set/vec4 8;
    %jmp/0xz  T_3.4, 8;
    %load/vec4 v000001d7686207d0_0;
    %assign/vec4 v000001d7686216d0_0, 0;
    %pushi/vec4 1, 0, 1;
    %assign/vec4 v000001d768620a50_0, 0;
    %vpi_call/w 4 110 "$display", "[%t] Parser: Received High Byte 0x%h, waiting for Low...", $time, v000001d7686207d0_0 {0 0 0};
    %jmp T_3.5;
T_3.4 ;
    %load/vec4 v000001d7686216d0_0;
    %parti/s 4, 0, 2;
    %load/vec4 v000001d7686207d0_0;
    %concat/vec4; draw_concat_vec4
    %assign/vec4 v000001d768620eb0_0, 0;
    %pushi/vec4 1, 0, 1;
    %assign/vec4 v000001d768621270_0, 0;
    %pushi/vec4 0, 0, 1;
    %assign/vec4 v000001d768620a50_0, 0;
    %load/vec4 v000001d7686216d0_0;
    %parti/s 4, 0, 2;
    %load/vec4 v000001d7686207d0_0;
    %concat/vec4; draw_concat_vec4
    %vpi_call/w 4 117 "$display", "[%t] Parser: Received Low Byte 0x%h, Data Valid! Sample: 0x%h", $time, v000001d7686207d0_0, S<0,vec4,u12> {1 0 0};
T_3.5 ;
T_3.2 ;
T_3.1 ;
    %jmp T_3;
    .thread T_3;
    .scope S_000001d7685ae000;
T_4 ;
    %pushi/vec4 0, 0, 32;
    %store/vec4 v000001d768621090_0, 0, 32;
    %end;
    .thread T_4, $init;
    .scope S_000001d7685ae000;
T_5 ;
    %pushi/vec4 0, 0, 1;
    %store/vec4 v000001d768621590_0, 0, 1;
T_5.0 ;
    %delay 5000, 0;
    %load/vec4 v000001d768621590_0;
    %inv;
    %store/vec4 v000001d768621590_0, 0, 1;
    %jmp T_5.0;
    %end;
    .thread T_5;
    .scope S_000001d7685ae000;
T_6 ;
    %wait E_000001d7685b11d0;
    %load/vec4 v000001d768621090_0;
    %addi 1, 0, 32;
    %store/vec4 v000001d768621090_0, 0, 32;
    %jmp T_6;
    .thread T_6;
    .scope S_000001d7685ae000;
T_7 ;
    %pushi/vec4 0, 0, 1;
    %store/vec4 v000001d768620af0_0, 0, 1;
    %pushi/vec4 1, 0, 1;
    %store/vec4 v000001d7686211d0_0, 0, 1;
    %delay 100000, 0;
    %pushi/vec4 1, 0, 1;
    %store/vec4 v000001d768620af0_0, 0, 1;
    %delay 1000000, 0;
    %vpi_call/w 3 56 "$display", "[%t] Sending 0xA5A (High: 0x0A, Low: 0x5A)...", $time {0 0 0};
    %pushi/vec4 10, 0, 8;
    %store/vec4 v000001d7685ad810_0, 0, 8;
    %fork TD_tb_stm32_adc_interface.send_byte, S_000001d7685ae190;
    %join;
    %delay 5000000, 0;
    %pushi/vec4 90, 0, 8;
    %store/vec4 v000001d7685ad810_0, 0, 8;
    %fork TD_tb_stm32_adc_interface.send_byte, S_000001d7685ae190;
    %join;
    %delay 10000000, 0;
    %load/vec4 v000001d768621090_0;
    %cmpi/e 1, 0, 32;
    %flag_get/vec4 4;
    %jmp/0 T_7.2, 4;
    %load/vec4 v000001d768620b90_0;
    %pushi/vec4 2650, 0, 12;
    %cmp/e;
    %flag_get/vec4 6;
    %and;
T_7.2;
    %flag_set/vec4 8;
    %jmp/0xz  T_7.0, 8;
    %vpi_call/w 3 63 "$display", "[%t] SUCCESS: Sample 0xA5A received correctly.", $time {0 0 0};
    %jmp T_7.1;
T_7.0 ;
    %vpi_call/w 3 65 "$display", "[%t] ERROR: Test 1 failed. Pulse count: %d, Sample: 0x%h", $time, v000001d768621090_0, v000001d768620b90_0 {0 0 0};
T_7.1 ;
    %vpi_call/w 3 68 "$display", "[%t] Starting Glitch Test (Single spike on RX)...", $time {0 0 0};
    %pushi/vec4 0, 0, 1;
    %store/vec4 v000001d7686211d0_0, 0, 1;
    %delay 20000, 0;
    %pushi/vec4 1, 0, 1;
    %store/vec4 v000001d7686211d0_0, 0, 1;
    %delay 100000000, 0;
    %load/vec4 v000001d768620ff0_0;
    %pad/u 32;
    %cmpi/e 0, 0, 32;
    %jmp/0xz  T_7.3, 6;
    %vpi_call/w 3 73 "$display", "[%t] SUCCESS: 20ns glitch ignored.", $time {0 0 0};
    %jmp T_7.4;
T_7.3 ;
    %vpi_call/w 3 75 "$display", "[%t] ERROR: Glitch triggered state machine! State: %d", $time, v000001d768620ff0_0 {0 0 0};
T_7.4 ;
    %vpi_call/w 3 77 "$display", "[%t] Simulation Completed.", $time {0 0 0};
    %vpi_call/w 3 78 "$finish" {0 0 0};
    %end;
    .thread T_7;
# The file index is used to find the file name in the following table.
:file_names 5;
    "N/A";
    "<interactive>";
    "-";
    "tb_stm32_adc_interface.v";
    "stm32_adc_interface.v";
